// Jest Snapshot v1, https://goo.gl/fbAQLP

exports[`User renders should User match snapshot 1`] = `
<DocumentFragment>
  <div>
    <div
      class="user_page_title"
    >
      <div
        class="user_page_image"
      >
        <img
          alt=""
        />
      </div>
      <div
        class="user_titles_info"
      >
        <div
          class="user_page_nickname"
        />
        <div />
      </div>
      <div>
        <div
          class="user_page_subscribe"
        >
          subscribe
        </div>
      </div>
    </div>
    <div
      class="user_page_main_container"
    />
  </div>
</DocumentFragment>
`;
